main.cu(38): warning: conversion from a string literal to "char *" is deprecated

main.cu(126): warning: integer conversion resulted in truncation

main.cu(38): warning: conversion from a string literal to "char *" is deprecated

main.cu(126): warning: integer conversion resulted in truncation

main.cu: In function 'int precision(int, int)':
main.cu:126:63: warning: overflow in implicit constant conversion [-Woverflow]
    t.get_nns_by_item(j, (*limit), (size_t) -1, &toplist, nullptr);
                                                               ^
annoylib.h: In instantiation of 'S Annoy::AnnoyIndex_GPU<S, T, Distance, Random, ThreadedBuildPolicy>::_make_tree(std::vector<_Tp>&) [with S = int; T = double; Distance = Annoy::Angular; Random = Annoy::Kiss32Random; ThreadedBuildPolicy = Annoy::AnnoyIndexSingleThreadedBuildPolicy]':
/tmp/tmpxft_00001581_00000000-5_main.cudafe1.stub.c:24:27:   required from here
annoylib.h:1802:15: warning: non-constant array new length must be specified without parentheses around the type-id [-Wvla]
     T *splitVec = new T[_f];
               ^~~~~~~~~~~~~~                                                         
